// Jest Snapshot v1, https://goo.gl/fbAQLP

exports[`should render Header correctly 1`] = `
<header>
  <h1>
    Expensify
  </h1>
  <li>
    <NavLink
      activeClassName="is-active"
      ariaCurrent="true"
      exact={true}
      to="/"
    >
      Go Home
    </NavLink>
  </li>
  <li>
    <NavLink
      activeClassName="is-active"
      ariaCurrent="true"
      exact={true}
      to="/create"
    >
      Create Expense
    </NavLink>
  </li>
</header>
`;
